1. Instalirano
2. Promeneto
3. Napraveno
4. $ mkdir SI_2024_lab1_191039
   $ cd SI_2024_lab1_191039
   $ git init
   Initialized empty Git repository in C:/Users/pc/Documents/SI_2024_lab1_191039/.git/
5. $ git remote add origin https://github.com/eleonorakrstevska/SI_2024_lab1_191039.git
6. $ nano README.md
   $ git add README.md
   $ git commit -m "Initial commit"
   [master (root-commit) a2defb7] Initial commit
   1 file changed, 1 insertion(+)
   create mode 100644 README.md
7. $ mv "Downloads/SILab1Main.java" "Documents/SI_2024_lab1_191039"
   $ mv "Downloads/SILab1_1.java" "Documents/SI_2024_lab1_191039"
   $ mv "Downloads/SILab1_2.java" "Documents/SI_2024_lab1_191039"
   
   $ git add SILab1Main.java SILab1_1.java SILab1_2.java
   $ git commit -m "Add starter code"
   [master 2b44973] Add starter code
   3 files changed, 47 insertions(+)
   create mode 100644 SILab1Main.java
   create mode 100644 SILab1_1.java
   create mode 100644 SILab1_2.java
8. $ git push origin master
   Enumerating objects: 8, done.
   Counting objects: 100% (8/8), done.
   Delta compression using up to 4 threads
   Compressing objects: 100% (6/6), done.
   Writing objects: 100% (8/8), 1.14 KiB | 388.00 KiB/s, done.
   Total 8 (delta 0), reused 0 (delta 0), pack-reused 0 (from 0)
   To https://github.com/eleonorakrstevska/SI_2024_lab1_191039.git
   * [new branch]      master -> master

9. $ git branch bug1
   $ git branch bug2

10. $ git checkout bug1
    Switched to branch 'bug1'
11. $ nano SILab1_1.java
$ git add .
$ git commit -m "Fix wrong condition in filterOddLengthStrings"
[bug1 d675dc4] Fix wrong condition in filterOddLengthStrings
 1 file changed, 2 insertions(+), 2 deletions(-)

12. $ git checkout bug2
Switched to branch 'bug2'

13. $ nano SILab1_2.java
$ git add .
$ git commit -m "Fix wrong condition in makeBigStringFrom"
[bug2 b67bb42] Fix wrong condition in makeBigStringFrom
 1 file changed, 2 insertions(+), 2 deletions(-)

14. $ git checkout bug1
Switched to branch 'bug1'

15. $ nano SILab1Main.java
$ git add .
$ git commit -m "Call method filterOddLengthStrings in main class"
[bug1 3d4c5ef] Call method filterOddLengthStrings in main class
 1 file changed, 1 insertion(+)

16. $ git checkout bug2
Switched to branch 'bug2'

17. $ nano SILab1Main.java
$ git add .
$ git commit -m "Call method makeBigStringFrom in main class"
[bug2 1023156] Call method makeBigStringFrom in main class
 1 file changed, 1 insertion(+)

18. $ git push
fatal: The current branch bug2 has no upstream branch.
To push the current branch and set the remote as upstream, use

    git push --set-upstream origin bug2

To have this happen automatically for branches without a tracking
upstream, see 'push.autoSetupRemote' in 'git help config'.

$ git push --set-upstream origin bug2
Enumerating objects: 9, done.
Counting objects: 100% (9/9), done.
Delta compression using up to 4 threads
Compressing objects: 100% (6/6), done.
Writing objects: 100% (6/6), 692 bytes | 692.00 KiB/s, done.
Total 6 (delta 4), reused 0 (delta 0), pack-reused 0 (from 0)
remote: Resolving deltas: 100% (4/4), completed with 3 local objects.
remote:
remote: Create a pull request for 'bug2' on GitHub by visiting:
remote:      https://github.com/eleonorakrstevska/SI_2024_lab1_191039/pull/new/bug2
remote:
To https://github.com/eleonorakrstevska/SI_2024_lab1_191039.git
 * [new branch]      bug2 -> bug2
branch 'bug2' set up to track 'origin/bug2'.

19. $ git checkout master
Switched to branch 'master'

20. $ git merge bug1
Updating 2b44973..3d4c5ef
Fast-forward
 SILab1Main.java | 1 +
 SILab1_1.java   | 4 ++--
 2 files changed, 3 insertions(+), 2 deletions(-)
 
При извршување на наредбата не се случија конфликти. Употребена е стратегијата
Fast-forward. 

21. $ git push origin master
Enumerating objects: 9, done.
Counting objects: 100% (9/9), done.
Delta compression using up to 4 threads
Compressing objects: 100% (6/6), done.
Writing objects: 100% (6/6), 749 bytes | 749.00 KiB/s, done.
Total 6 (delta 3), reused 0 (delta 0), pack-reused 0 (from 0)
remote: Resolving deltas: 100% (3/3), completed with 2 local objects.
To https://github.com/eleonorakrstevska/SI_2024_lab1_191039.git
   2b44973..3d4c5ef  master -> master

22. $ git checkout bug2
Switched to branch 'bug2'
Your branch is up to date with 'origin/bug2'.

23. $ git rebase master
Auto-merging SILab1Main.java
CONFLICT (content): Merge conflict in SILab1Main.java
error: could not apply 1023156... Call method makeBigStringFrom in main class
hint: Resolve all conflicts manually, mark them as resolved with
hint: "git add/rm <conflicted_files>", then run "git rebase --continue".
hint: You can instead skip this commit: run "git rebase --skip".
hint: To abort and get back to the state before "git rebase", run "git rebase --abort".
Could not apply 1023156... Call method makeBigStringFrom in main class

$ nano SILab1Main.java
Се случи конфликт, со спојувањето во SILab1Main.java.
Конфликтот го решив со тоа што го отворив документот каде се
појави конфликт и ја задржав само едната опција (од двете
кои се јавија во иста линија).

$ git add SILab1Main.java
$ git rebase --continue
[detached HEAD 65531c8] Call method makeBigStringFrom in main class CONFLICT RESOLVED
 1 file changed, 1 insertion(+), 1 deletion(-)
Successfully rebased and updated refs/heads/bug2

24. $ git checkout master
Switched to branch 'master'

25. $ git merge bug2
Updating 3d4c5ef..65531c8
Fast-forward
 SILab1Main.java | 2 +-
 SILab1_2.java   | 4 ++--
 2 files changed, 3 insertions(+), 3 deletions(-)

Немаше конфликти при спојувањето и тоа е Fast-forward. 

26. $ git push origin master
Enumerating objects: 9, done.
Counting objects: 100% (9/9), done.
Delta compression using up to 4 threads
Compressing objects: 100% (6/6), done.
Writing objects: 100% (6/6), 692 bytes | 692.00 KiB/s, done.
Total 6 (delta 4), reused 0 (delta 0), pack-reused 0 (from 0)
remote: Resolving deltas: 100% (4/4), completed with 3 local objects.
To https://github.com/eleonorakrstevska/SI_2024_lab1_191039.git
   3d4c5ef..65531c8  master -> master

$ git push origin bug1
Total 0 (delta 0), reused 0 (delta 0), pack-reused 0 (from 0)
remote:
remote: Create a pull request for 'bug1' on GitHub by visiting:
remote:      https://github.com/eleonorakrstevska/SI_2024_lab1_191039/pull/new/bug1
remote:
To https://github.com/eleonorakrstevska/SI_2024_lab1_191039.git
 * [new branch]      bug1 -> bug1

$ git push origin bug2
To https://github.com/eleonorakrstevska/SI_2024_lab1_191039.git
 ! [rejected]        bug2 -> bug2 (non-fast-forward)
error: failed to push some refs to 'https://github.com/eleonorakrstevska/SI_2024_lab1_191039.git'
hint: Updates were rejected because a pushed branch tip is behind its remote
hint: counterpart. If you want to integrate the remote changes, use 'git pull'
hint: before pushing again.
hint: See the 'Note about fast-forwards' in 'git push --help' for details.

27. $ git push --force origin bug2
Total 0 (delta 0), reused 0 (delta 0), pack-reused 0 (from 0)
To https://github.com/eleonorakrstevska/SI_2024_lab1_191039.git
 + 1023156...65531c8 bug2 -> bug2 (forced update)

28. $ git log
$ nano logs.txt
$ nano 191039.txt
$ git add .
$ git commit -m "Final commit"
$ git push origin master
